<area shape="rect" href="$object_8hpp.html" title="/home/arnaud/programmation/sfml/sfgui/object.hpp" alt="" coords="825,84,1177,111">
<area shape="rect" href="$button_8hpp.html" title="/home/arnaud/programmation/sfml/sfgui/button.hpp" alt="" coords="412,161,767,188">
<area shape="rect" href="$checkbox_8hpp.html" title="Class which provides checkbox buttons." alt="" coords="816,161,1187,188">
<area shape="rect" href="$object_8cpp.html" title="/home/arnaud/programmation/sfml/sfgui/object.cpp" alt="" coords="1211,161,1560,188">
<area shape="rect" href="$button_8cpp.html" title="/home/arnaud/programmation/sfml/sfgui/button.cpp" alt="" coords="389,239,741,265">
<area shape="rect" href="$main_8cpp.html" title="/home/arnaud/programmation/sfml/sfgui/main.cpp" alt="" coords="607,316,951,343">
<area shape="rect" href="$textedit_8hpp.html" title="/home/arnaud/programmation/sfml/sfgui/textedit.hpp" alt="" coords="5,239,365,265">
<area shape="rect" href="$textedit_8cpp.html" title="/home/arnaud/programmation/sfml/sfgui/textedit.cpp" alt="" coords="5,316,365,343">
<area shape="rect" href="$checkbox_8cpp.html" title="/home/arnaud/programmation/sfml/sfgui/checkbox.cpp" alt="" coords="816,239,1187,265">
