<area shape="rect" href="$object_8hpp.html" title="/home/arnaud/programmation/sfml/sfgui/object.hpp" alt="" coords="673,84,1025,111">
<area shape="rect" href="$button_8hpp.html" title="/home/arnaud/programmation/sfml/sfgui/button.hpp" alt="" coords="337,161,692,188">
<area shape="rect" href="$margin_8cpp.html" title="/home/arnaud/programmation/sfml/sfgui/margin.cpp" alt="" coords="1049,84,1404,111">
<area shape="rect" href="$checkbox_8hpp.html" title="Class which provides checkbox buttons." alt="" coords="1089,161,1460,188">
<area shape="rect" href="$object_8cpp.html" title="/home/arnaud/programmation/sfml/sfgui/object.cpp" alt="" coords="716,161,1065,188">
<area shape="rect" href="$button_8cpp.html" title="/home/arnaud/programmation/sfml/sfgui/button.cpp" alt="" coords="389,239,741,265">
<area shape="rect" href="$main_8cpp.html" title="/home/arnaud/programmation/sfml/sfgui/main.cpp" alt="" coords="607,316,951,343">
<area shape="rect" href="$textedit_8hpp.html" title="/home/arnaud/programmation/sfml/sfgui/textedit.hpp" alt="" coords="5,239,365,265">
<area shape="rect" href="$textedit_8cpp.html" title="/home/arnaud/programmation/sfml/sfgui/textedit.cpp" alt="" coords="5,316,365,343">
<area shape="rect" href="$checkbox_8cpp.html" title="/home/arnaud/programmation/sfml/sfgui/checkbox.cpp" alt="" coords="867,239,1237,265">
