<area shape="rect" href="$object_8hpp.html" title="/home/arnaud/programmation/sfml/sfgui/object.hpp" alt="" coords="653,84,1005,111">
<area shape="rect" href="$button_8hpp.html" title="/home/arnaud/programmation/sfml/sfgui/button.hpp" alt="" coords="276,161,631,188">
<area shape="rect" href="$margin_8cpp.html" title="/home/arnaud/programmation/sfml/sfgui/margin.cpp" alt="" coords="1029,84,1384,111">
<area shape="rect" href="$checkbox_8hpp.html" title="Class which provides checkbox buttons." alt="" coords="1396,161,1767,188">
<area shape="rect" href="$object_8cpp.html" title="/home/arnaud/programmation/sfml/sfgui/object.cpp" alt="" coords="655,161,1004,188">
<area shape="rect" href="$slider_8hpp.html" title="/home/arnaud/programmation/sfml/sfgui/slider.hpp" alt="" coords="1028,161,1372,188">
<area shape="rect" href="$button_8cpp.html" title="/home/arnaud/programmation/sfml/sfgui/button.cpp" alt="" coords="5,239,357,265">
<area shape="rect" href="$main_8cpp.html" title="/home/arnaud/programmation/sfml/sfgui/main.cpp" alt="" coords="725,316,1069,343">
<area shape="rect" href="$textedit_8hpp.html" title="/home/arnaud/programmation/sfml/sfgui/textedit.hpp" alt="" coords="381,239,741,265">
<area shape="rect" href="$textedit_8cpp.html" title="/home/arnaud/programmation/sfml/sfgui/textedit.cpp" alt="" coords="341,316,701,343">
<area shape="rect" href="$checkbox_8cpp.html" title="/home/arnaud/programmation/sfml/sfgui/checkbox.cpp" alt="" coords="1421,239,1792,265">
<area shape="rect" href="$slider_8cpp.html" title="/home/arnaud/programmation/sfml/sfgui/slider.cpp" alt="" coords="1003,239,1347,265">
